MO inv NULL inv.v vlg5D/inv.bin 1553120999
MO counter_12 NULL counter.v vlg3E/counter__12.bin 1553301645
MO Mux16 NULL Mux16.v vlg01/_mux16.bin 1553301645
MO ringoscillator NULL ringoscillator.v vlg04/ringoscillator.bin 1553301645
MO ICON NULL ipcore_dir/ICON.v vlg09/_i_c_o_n.bin 1553301645
MO VIO NULL ipcore_dir/VIO.v vlg22/_v_i_o.bin 1553301645
MO ro NULL top.v vlg29/ro.bin 1553301645
MO rOsc NULL rOsc.v vlg03/r_osc.bin 1553143330
MO ILA NULL ipcore_dir/ILA.v vlg5E/_i_l_a.bin 1553301645
